Flutter crash report.
Please report a bug at https://github.com/flutter/flutter/issues.

## command

flutter pub get

## exception

FileSystemException: FileSystemException: Cannot create link, path = 'F:\files\python\Neri\Neri_md3\Neri\frontend\windows\flutter\ephemeral\.plugin_symlinks\path_provider_windows' (OS Error: 檔案或目錄損毀而且無法讀取。, errno = 1392)

```
#0      _Link.throwIfError (dart:io/link.dart:358:7)
#1      _Link.createSync (dart:io/link.dart:276:5)
#2      ForwardingLink.createSync (package:file/src/forwarding/forwarding_link.dart:20:16)
#3      ForwardingLink.createSync (package:file/src/forwarding/forwarding_link.dart:20:16)
#4      _createPlatformPluginSymlinks (package:flutter_tools/src/flutter_plugins.dart:1143:12)
#5      createPluginSymlinks (package:flutter_tools/src/flutter_plugins.dart:1060:5)
#6      refreshPluginsList (package:flutter_tools/src/flutter_plugins.dart:1192:5)
<asynchronous suspension>
#7      FlutterProject.ensureReadyForPlatformSpecificTooling (package:flutter_tools/src/project.dart:401:5)
<asynchronous suspension>
#8      PackagesGetCommand.runCommand (package:flutter_tools/src/commands/packages.dart:395:9)
<asynchronous suspension>
#9      FlutterCommand.run.<anonymous closure> (package:flutter_tools/src/runner/flutter_command.dart:1590:27)
<asynchronous suspension>
#10     AppContext.run.<anonymous closure> (package:flutter_tools/src/base/context.dart:154:19)
<asynchronous suspension>
#11     CommandRunner.runCommand (package:args/command_runner.dart:212:13)
<asynchronous suspension>
#12     FlutterCommandRunner.runCommand.<anonymous closure> (package:flutter_tools/src/runner/flutter_command_runner.dart:496:9)
<asynchronous suspension>
#13     AppContext.run.<anonymous closure> (package:flutter_tools/src/base/context.dart:154:19)
<asynchronous suspension>
#14     FlutterCommandRunner.runCommand (package:flutter_tools/src/runner/flutter_command_runner.dart:431:5)
<asynchronous suspension>
#15     FlutterCommandRunner.run.<anonymous closure> (package:flutter_tools/src/runner/flutter_command_runner.dart:307:33)
<asynchronous suspension>
#16     run.<anonymous closure>.<anonymous closure> (package:flutter_tools/runner.dart:104:11)
<asynchronous suspension>
#17     AppContext.run.<anonymous closure> (package:flutter_tools/src/base/context.dart:154:19)
<asynchronous suspension>
#18     main (package:flutter_tools/executable.dart:103:3)
<asynchronous suspension>
```

## flutter doctor

```
[32m[✓][39m Flutter (Channel stable, 3.41.9, on Microsoft Windows [Version 10.0.26100.7840], locale ja-JP) [178ms]
    [32m•[39m Flutter version 3.41.9 on channel stable at D:\Application\SDK\flutter
    [32m•[39m Upstream repository https://github.com/flutter/flutter.git
    [32m•[39m Framework revision 00b0c91f06 (2 weeks ago), 2026-04-29 10:03:19 -0700
    [32m•[39m Engine revision 42d3d75a56
    [32m•[39m Dart version 3.11.5
    [32m•[39m DevTools version 2.54.2
    [32m•[39m Feature flags: enable-web, enable-linux-desktop, enable-macos-desktop, enable-windows-desktop, enable-android,
      enable-ios, cli-animations, enable-native-assets, omit-legacy-version-file, enable-lldb-debugging,
      enable-uiscene-migration

[32m[✓][39m Windows Version (11 專業版 64 位, 24H2, 2009) [2.1s]

[31m[✗][39m Android toolchain - develop for Android devices [74ms]
    [32m•[39m Android SDK at F:\files\play
    [32m•[39m Emulator version unknown
    [31m✗[39m cmdline-tools component is missing.
      Try installing or updating Android Studio.
      Alternatively, download the tools from https://developer.android.com/studio#command-line-tools-only and make sure
      to set the ANDROID_HOME environment variable.
      See https://developer.android.com/studio/command-line for more details.

[32m[✓][39m Chrome - develop for the web [65ms]
    [32m•[39m Chrome at C:\Program Files\Google\Chrome\Application\chrome.exe

[32m[✓][39m Visual Studio - develop Windows apps (Visual Studio Community 2026 18.6.0) [64ms]
    [32m•[39m Visual Studio at D:\Application\Microsoft Visual Studio\18\Community
    [32m•[39m Visual Studio Community 2026 version 18.6.11806.211
    [32m•[39m Windows 10 SDK version 10.0.26100.0

[32m[✓][39m Connected device (2 available) [89ms]
    [32m•[39m Windows (desktop) • windows • windows-x64    • Microsoft Windows [Version 10.0.26100.7840]
    [32m•[39m Chrome (web)      • chrome  • web-javascript • Google Chrome 147.0.7727.138

[32m[✓][39m Network resources [928ms]
    [32m•[39m All expected network resources are available.

[33m![39m Doctor found issues in 1 category.
```
