
[2026-05-17T08:41:55.163487+00:00] maintenance start

> E:\Files\Neri\toolkit\python.exe -m pip uninstall -y torch torchvision torchaudio
Found existing installation: torch 2.12.0+cu130
Uninstalling torch-2.12.0+cu130:
  Successfully uninstalled torch-2.12.0+cu130
Found existing installation: torchvision 0.27.0+cu130
Uninstalling torchvision-0.27.0+cu130:
  Successfully uninstalled torchvision-0.27.0+cu130
Found existing installation: torchaudio 2.11.0+cu130
Uninstalling torchaudio-2.11.0+cu130:
  Successfully uninstalled torchaudio-2.11.0+cu130

> E:\Files\Neri\toolkit\python.exe -m pip install torch torchvision torchaudio --index-url https://download.pytorch.org/whl/cu130
Looking in indexes: https://download.pytorch.org/whl/cu130
Collecting torch
  Using cached torch-2.12.0%2Bcu130-cp313-cp313-win_amd64.whl.metadata (31 kB)
Collecting torchvision
  Using cached torchvision-0.27.0%2Bcu130-cp313-cp313-win_amd64.whl.metadata (5.6 kB)
Collecting torchaudio
  Using cached torchaudio-2.11.0%2Bcu130-cp313-cp313-win_amd64.whl.metadata (7.0 kB)
Requirement already satisfied: filelock in .\toolkit\Lib\site-packages (from torch) (3.20.0)
Requirement already satisfied: typing-extensions>=4.10.0 in .\toolkit\Lib\site-packages (from torch) (4.15.0)
Requirement already satisfied: setuptools<82 in .\toolkit\Lib\site-packages (from torch) (80.9.0)
Requirement already satisfied: sympy>=1.13.3 in .\toolkit\Lib\site-packages (from torch) (1.14.0)
Requirement already satisfied: networkx>=2.5.1 in .\toolkit\Lib\site-packages (from torch) (3.6.1)
Requirement already satisfied: jinja2 in .\toolkit\Lib\site-packages (from torch) (3.1.6)
Requirement already satisfied: fsspec>=0.8.5 in .\toolkit\Lib\site-packages (from torch) (2025.12.0)
Requirement already satisfied: numpy in .\toolkit\Lib\site-packages (from torchvision) (2.2.6)
Requirement already satisfied: pillow!=8.3.*,>=5.3.0 in .\toolkit\Lib\site-packages (from torchvision) (12.1.1)
Requirement already satisfied: mpmath<1.4,>=1.1.0 in .\toolkit\Lib\site-packages (from sympy>=1.13.3->torch) (1.3.0)
Requirement already satisfied: MarkupSafe>=2.0 in .\toolkit\Lib\site-packages (from jinja2->torch) (2.1.5)
Using cached torch-2.12.0%2Bcu130-cp313-cp313-win_amd64.whl (1926.4 MB)
Using cached torchvision-0.27.0%2Bcu130-cp313-cp313-win_amd64.whl (9.1 MB)
Using cached torchaudio-2.11.0%2Bcu130-cp313-cp313-win_amd64.whl (1.7 MB)
Installing collected packages: torchaudio, torch, torchvision
  WARNING: The scripts torchfrtrace.exe and torchrun.exe are installed in 'E:\Files\Neri\toolkit\Scripts' which is not on PATH.
  Consider adding this directory to PATH or, if you prefer to suppress this warning, use --no-warn-script-location.

Successfully installed torch-2.12.0+cu130 torchaudio-2.11.0+cu130 torchvision-0.27.0+cu130

[notice] A new release of pip is available: 26.0.1 -> 26.1.1
[notice] To update, run: E:\Files\Neri\toolkit\python.exe -m pip install --upgrade pip

[2026-05-17T08:42:27.657531+00:00] maintenance completed

[2026-05-17T09:17:50.812556+00:00] maintenance start

> E:\Files\Neri\toolkit\python.exe -m pip uninstall -y torch torchvision torchaudio
Found existing installation: torch 2.12.0+cu130
Uninstalling torch-2.12.0+cu130:
  Successfully uninstalled torch-2.12.0+cu130
Found existing installation: torchvision 0.27.0+cu130
Uninstalling torchvision-0.27.0+cu130:
  Successfully uninstalled torchvision-0.27.0+cu130
Found existing installation: torchaudio 2.11.0+cu130
Uninstalling torchaudio-2.11.0+cu130:
  Successfully uninstalled torchaudio-2.11.0+cu130

> E:\Files\Neri\toolkit\python.exe -m pip install torch torchvision torchaudio --index-url https://download.pytorch.org/whl/cu130
Looking in indexes: https://download.pytorch.org/whl/cu130
Collecting torch
  Using cached torch-2.12.0%2Bcu130-cp313-cp313-win_amd64.whl.metadata (31 kB)
Collecting torchvision
  Using cached torchvision-0.27.0%2Bcu130-cp313-cp313-win_amd64.whl.metadata (5.6 kB)
Collecting torchaudio
  Using cached torchaudio-2.11.0%2Bcu130-cp313-cp313-win_amd64.whl.metadata (7.0 kB)
Requirement already satisfied: filelock in .\toolkit\Lib\site-packages (from torch) (3.20.0)
Requirement already satisfied: typing-extensions>=4.10.0 in .\toolkit\Lib\site-packages (from torch) (4.15.0)
Requirement already satisfied: setuptools<82 in .\toolkit\Lib\site-packages (from torch) (80.9.0)
Requirement already satisfied: sympy>=1.13.3 in .\toolkit\Lib\site-packages (from torch) (1.14.0)
Requirement already satisfied: networkx>=2.5.1 in .\toolkit\Lib\site-packages (from torch) (3.6.1)
Requirement already satisfied: jinja2 in .\toolkit\Lib\site-packages (from torch) (3.1.6)
Requirement already satisfied: fsspec>=0.8.5 in .\toolkit\Lib\site-packages (from torch) (2025.12.0)
Requirement already satisfied: numpy in .\toolkit\Lib\site-packages (from torchvision) (2.2.6)
Requirement already satisfied: pillow!=8.3.*,>=5.3.0 in .\toolkit\Lib\site-packages (from torchvision) (12.1.1)
Requirement already satisfied: mpmath<1.4,>=1.1.0 in .\toolkit\Lib\site-packages (from sympy>=1.13.3->torch) (1.3.0)
Requirement already satisfied: MarkupSafe>=2.0 in .\toolkit\Lib\site-packages (from jinja2->torch) (2.1.5)
Using cached torch-2.12.0%2Bcu130-cp313-cp313-win_amd64.whl (1926.4 MB)
Using cached torchvision-0.27.0%2Bcu130-cp313-cp313-win_amd64.whl (9.1 MB)
Using cached torchaudio-2.11.0%2Bcu130-cp313-cp313-win_amd64.whl (1.7 MB)
Installing collected packages: torchaudio, torch, torchvision
  WARNING: The scripts torchfrtrace.exe and torchrun.exe are installed in 'E:\Files\Neri\toolkit\Scripts' which is not on PATH.
  Consider adding this directory to PATH or, if you prefer to suppress this warning, use --no-warn-script-location.

Successfully installed torch-2.12.0+cu130 torchaudio-2.11.0+cu130 torchvision-0.27.0+cu130

[notice] A new release of pip is available: 26.0.1 -> 26.1.1
[notice] To update, run: E:\Files\Neri\toolkit\python.exe -m pip install --upgrade pip

[2026-05-17T09:18:19.856323+00:00] maintenance completed
